// Jest Snapshot v1, https://goo.gl/fbAQLP

exports[`renders correctly 1`] = `
<div
  className="bg-dark d-flex flex-end p-1"
>
  0
</div>
`;
